<html>
<body>
<pre>
<h1>µVision Build Log</h1>
<h2>Tool Versions:</h2>
IDE-Version: µVision V5.27.1.0
Copyright (C) 2019 ARM Ltd and ARM Germany GmbH. All rights reserved.
License Information: Yasser Mohamed, Emit, LIC=----
 
Tool Versions:
Toolchain:       MDK-Lite  Version: 5.27.1.0
Toolchain Path:  C:\Keil_v5\ARM\ARMCC\Bin
C Compiler:      Armcc.exe V5.06 update 6 (build 750)
Assembler:       Armasm.exe V5.06 update 6 (build 750)
Linker/Locator:  ArmLink.exe V5.06 update 6 (build 750)
Library Manager: ArmAr.exe V5.06 update 6 (build 750)
Hex Converter:   FromElf.exe V5.06 update 6 (build 750)
CPU DLL:         SARMCM3.DLL V5.27.1.0
Dialog DLL:      DCM.DLL V1.17.2.0
Target DLL:      lmidk-agdi.dll V???
Dialog DLL:      TCM.DLL V1.36.1.0
 
<h2>Project:</h2>
D:\Models\target\Fav\ARM Cortex-M  Modular Embedded Systems Design (FREE!)\13. Setting up Development Environment and Toolchain\3.1 ViXen.zip\ViXen\ViXen.uvprojx
Project File Date:  11/16/2019

<h2>Output:</h2>
*** Using Compiler 'V5.06 update 6 (build 750)', folder: 'C:\Keil_v5\ARM\ARMCC\Bin'
Rebuild target 'TM4C123'
assembling limbs.s...
assembling head.s...
assembling tail.s...
assembling lights.s...
compiling limbs.c...
Libraries&Drivers\limbs.h(22): warning:  #1295-D: Deprecated declaration TURN_away - give arg types
  void TURN_away();
Libraries&Drivers\limbs.h(66): warning:  #1-D: last line of file ends without a newline
  #endif
Libraries&Drivers\limbs.c(81): warning:  #1-D: last line of file ends without a newline
  }
Libraries&Drivers\limbs.c: 3 warnings, 0 errors
assembling startup_TM4C123.s...
compiling head.c...
compiling delay.c...
Libraries&Drivers\limbs.h(22): warning:  #1295-D: Deprecated declaration TURN_away - give arg types
  void TURN_away();
Libraries&Drivers\limbs.h(66): warning:  #1-D: last line of file ends without a newline
  #endif
Libraries&Drivers\play_around.h(11): warning:  #1-D: last line of file ends without a newline
  #endif
Libraries&Drivers\tail.h(8): warning:  #1-D: last line of file ends without a newline
  #endif
Libraries&Drivers\delay.c: 4 warnings, 0 errors
compiling play_around.c...
Libraries&Drivers\play_around.h(11): warning:  #1-D: last line of file ends without a newline
  #endif
Libraries&Drivers\limbs.h(22): warning:  #1295-D: Deprecated declaration TURN_away - give arg types
  void TURN_away();
Libraries&Drivers\limbs.h(66): warning:  #1-D: last line of file ends without a newline
  #endif
Libraries&Drivers\lights.h(10): warning:  #1-D: last line of file ends without a newline
  #endif
Libraries&Drivers\neck.h(9): warning:  #1295-D: Deprecated declaration neck_init - give arg types
  void neck_init();
Libraries&Drivers\neck.h(16): warning:  #1295-D: Deprecated declaration check_left - give arg types
  void check_left();
Libraries&Drivers\neck.h(18): warning:  #1295-D: Deprecated declaration check_right - give arg types
  void check_right();
Libraries&Drivers\neck.h(20): warning:  #1-D: last line of file ends without a newline
  #endif
Libraries&Drivers\play_around.c(81): warning:  #1-D: last line of file ends without a newline
   
Libraries&Drivers\play_around.c: 9 warnings, 0 errors
compiling main.c...
.\Libraries&Drivers\neck.h(9): warning:  #1295-D: Deprecated declaration neck_init - give arg types
  void neck_init();
.\Libraries&Drivers\neck.h(16): warning:  #1295-D: Deprecated declaration check_left - give arg types
  void check_left();
.\Libraries&Drivers\neck.h(18): warning:  #1295-D: Deprecated declaration check_right - give arg types
  void check_right();
.\Libraries&Drivers\neck.h(20): warning:  #1-D: last line of file ends without a newline
  #endif
.\Libraries&Drivers\tail.h(8): warning:  #1-D: last line of file ends without a newline
  #endif
.\Libraries&Drivers\limbs.h(22): warning:  #1295-D: Deprecated declaration TURN_away - give arg types
  void TURN_away();
.\Libraries&Drivers\limbs.h(66): warning:  #1-D: last line of file ends without a newline
  #endif
.\Libraries&Drivers\lights.h(10): warning:  #1-D: last line of file ends without a newline
  #endif
.\Libraries&Drivers\play_around.h(11): warning:  #1-D: last line of file ends without a newline
  #endif
main.c: 9 warnings, 0 errors
compiling neck.c...
compiling system_TM4C123.c...
linking...
Program Size: Code=3096 RO-data=652 RW-data=44 ZI-data=836  
".\Objects\ViXen.axf" - 0 Error(s), 25 Warning(s).

<h2>Software Packages used:</h2>

Package Vendor: ARM
                http://www.keil.com/pack/ARM.CMSIS.5.6.0.pack
                ARM.CMSIS.5.6.0
                CMSIS (Cortex Microcontroller Software Interface Standard)
   * Component: CORE Version: 5.3.0

Package Vendor: Keil
                http://www.keil.com/pack/Keil.TM4C_DFP.1.1.0.pack
                Keil.TM4C_DFP.1.1.0
                Texas Instruments Tiva C Series Device Support and Examples
   * Component: Startup Version: 1.0.1

<h2>Collection of Component include folders:</h2>
  .\RTE\_TM4C123
  C:\Users\Emit\AppData\Local\Arm\Packs\ARM\CMSIS\5.6.0\CMSIS\Core\Include
  C:\Users\Emit\AppData\Local\Arm\Packs\Keil\TM4C_DFP\1.1.0\Device\Include\TM4C123

<h2>Collection of Component Files used:</h2>

   * Component: ARM::CMSIS:CORE:5.3.0

   * Component: Keil::Device:Startup:1.0.1
      Source file:   Device\Source\ARM\startup_TM4C123.s
      Source file:   Device\Source\system_TM4C123.c
      Include file:  Device\Include\TM4C123\TM4C123.h
Build Time Elapsed:  00:00:04
</pre>
</body>
</html>
