Component: ARM Compiler 5.06 update 6 (build 750) Tool: armlink [4d35ed]

==============================================================================

Section Cross References

    main.o(i.main) refers to tail.o(.text) for TAIL_Init
    main.o(i.main) refers to head_1.o(.text) for HEAD_Init
    main.o(i.main) refers to lights.o(.text) for LIGHTS_Init
    main.o(i.main) refers to limbs_1.o(.text) for LIMBS_Init
    main.o(i.main) refers to neck.o(i.neck_init) for neck_init
    main.o(i.main) refers to delay.o(i.timer2A_init) for timer2A_init
    main.o(i.main) refers to play_around.o(i.play) for play
    head.o(i.headSensor_detect) refers to delay.o(i.delay_Microsecond) for delay_Microsecond
    head.o(i.headSensor_detect) refers to dflt_clz.o(x$fpl$dfltu) for __aeabi_ui2d
    head.o(i.headSensor_detect) refers to dmul.o(x$fpl$dmul) for __aeabi_dmul
    head.o(i.headSensor_detect) refers to dfixu.o(x$fpl$dfixu) for __aeabi_d2uiz
    head.o(i.headSensor_detect) refers to head.o(.data) for highEdge
    neck.o(i.check_left) refers to delay.o(i.delayMs) for delayMs
    neck.o(i.check_right) refers to delay.o(i.delayMs) for delayMs
    limbs.o(i.TURN_away) refers to limbs_1.o(.text) for TURN_Right
    limbs.o(i.TURN_away) refers to delay.o(i.delayMs) for delayMs
    limbs.o(i.WALK_away) refers to limbs_1.o(.text) for TURN_Left
    limbs.o(i.WALK_away) refers to delay.o(i.delayMs) for delayMs
    limbs.o(i.runToHide) refers to limbs_1.o(.text) for STOP
    limbs.o(i.runToHide) refers to delay.o(i.delayMs) for delayMs
    limbs.o(i.runToHide) refers to limbs.o(i.turnAwayLeft360) for turnAwayLeft360
    limbs.o(i.runToHide) refers to limbs.o(i.walkForward) for walkForward
    limbs.o(i.seeWhoAndRun) refers to limbs_1.o(.text) for STOP
    limbs.o(i.seeWhoAndRun) refers to delay.o(i.delayMs) for delayMs
    limbs.o(i.seeWhoAndRun) refers to limbs.o(i.turnAwayRight360) for turnAwayRight360
    limbs.o(i.seeWhoAndRun) refers to limbs.o(i.turnAwayLeft360) for turnAwayLeft360
    limbs.o(i.seeWhoAndRun) refers to limbs.o(i.walkForward) for walkForward
    limbs.o(i.turnAwayLeft) refers to limbs_1.o(.text) for TURN_Left
    limbs.o(i.turnAwayLeft) refers to delay.o(i.delayMs) for delayMs
    limbs.o(i.turnAwayLeft180) refers to limbs_1.o(.text) for TURN_Left
    limbs.o(i.turnAwayLeft180) refers to delay.o(i.delayMs) for delayMs
    limbs.o(i.turnAwayLeft360) refers to limbs_1.o(.text) for TURN_Left
    limbs.o(i.turnAwayLeft360) refers to delay.o(i.delayMs) for delayMs
    limbs.o(i.turnAwayRight) refers to limbs_1.o(.text) for TURN_Right
    limbs.o(i.turnAwayRight) refers to delay.o(i.delayMs) for delayMs
    limbs.o(i.turnAwayRight180) refers to limbs_1.o(.text) for TURN_Right
    limbs.o(i.turnAwayRight180) refers to delay.o(i.delayMs) for delayMs
    limbs.o(i.turnAwayRight360) refers to limbs_1.o(.text) for TURN_Right
    limbs.o(i.turnAwayRight360) refers to delay.o(i.delayMs) for delayMs
    limbs.o(i.walkForward) refers to limbs_1.o(.text) for FORWARD
    limbs.o(i.walkForward) refers to delay.o(i.delayMs) for delayMs
    delay.o(i.TIMER2A_Handler) refers to head.o(i.echoAndTimer0_Init) for echoAndTimer0_Init
    delay.o(i.TIMER2A_Handler) refers to head.o(i.headSensor_detect) for headSensor_detect
    delay.o(i.TIMER2A_Handler) refers to tail.o(.text) for TAIL_sense
    delay.o(i.TIMER2A_Handler) refers to limbs_1.o(.text) for STOP
    delay.o(i.TIMER2A_Handler) refers to limbs.o(i.runToHide) for runToHide
    delay.o(i.TIMER2A_Handler) refers to limbs.o(i.seeWhoAndRun) for seeWhoAndRun
    delay.o(i.TIMER2A_Handler) refers to delay.o(.data) for no_way
    delay.o(i.rand_lim) refers to rand.o(.emb_text) for rand
    play_around.o(i.play) refers to head.o(i.echoAndTimer0_Init) for echoAndTimer0_Init
    play_around.o(i.play) refers to head.o(i.headSensor_detect) for headSensor_detect
    play_around.o(i.play) refers to delay.o(i.rand_lim) for rand_lim
    play_around.o(i.play) refers to limbs.o(i.turnAwayLeft) for turnAwayLeft
    play_around.o(i.play) refers to limbs.o(i.turnAwayLeft180) for turnAwayLeft180
    play_around.o(i.play) refers to limbs.o(i.turnAwayLeft360) for turnAwayLeft360
    play_around.o(i.play) refers to limbs.o(i.turnAwayRight) for turnAwayRight
    play_around.o(i.play) refers to limbs.o(i.turnAwayRight180) for turnAwayRight180
    play_around.o(i.play) refers to limbs.o(i.turnAwayRight360) for turnAwayRight360
    play_around.o(i.play) refers to limbs.o(i.walkForward) for walkForward
    play_around.o(i.play) refers to play_around.o(.data) for no_way
    play_around.o(i.shy) refers to limbs.o(i.walkForward) for walkForward
    play_around.o(i.shy) refers to limbs_1.o(.text) for STOP
    play_around.o(i.shy) refers to neck.o(i.check_left) for check_left
    play_around.o(i.shy) refers to delay.o(i.delayMs) for delayMs
    play_around.o(i.shy) refers to limbs.o(i.turnAwayRight) for turnAwayRight
    play_around.o(i.shy) refers to neck.o(i.check_right) for check_right
    play_around.o(i.shy) refers to limbs.o(i.turnAwayRight360) for turnAwayRight360
    startup_tm4c123.o(STACK) refers (Special) to heapauxi.o(.text) for __use_two_region_memory
    startup_tm4c123.o(HEAP) refers (Special) to heapauxi.o(.text) for __use_two_region_memory
    startup_tm4c123.o(RESET) refers (Special) to heapauxi.o(.text) for __use_two_region_memory
    startup_tm4c123.o(RESET) refers to startup_tm4c123.o(STACK) for __initial_sp
    startup_tm4c123.o(RESET) refers to startup_tm4c123.o(.text) for Reset_Handler
    startup_tm4c123.o(RESET) refers to delay.o(i.TIMER2A_Handler) for TIMER2A_Handler
    startup_tm4c123.o(.text) refers (Special) to heapauxi.o(.text) for __use_two_region_memory
    startup_tm4c123.o(.text) refers to system_tm4c123.o(i.SystemInit) for SystemInit
    startup_tm4c123.o(.text) refers to __main.o(!!!main) for __main
    startup_tm4c123.o(.text) refers to startup_tm4c123.o(HEAP) for Heap_Mem
    startup_tm4c123.o(.text) refers to startup_tm4c123.o(STACK) for Stack_Mem
    system_tm4c123.o(i.SystemCoreClockUpdate) refers to system_tm4c123.o(i.getOscClk) for getOscClk
    system_tm4c123.o(i.SystemCoreClockUpdate) refers to system_tm4c123.o(.data) for SystemCoreClock
    rand.o(.emb_text) refers (Special) to libinit2.o(.ARM.Collect$$libinit$$0000000D) for __rt_lib_init_rand_2
    rand.o(.emb_text) refers to rand.o(.text) for _rand_init
    rand.o(.emb_text) refers to rand.o(.bss) for _random_number_data
    rand.o(.text) refers (Special) to libinit2.o(.ARM.Collect$$libinit$$0000000D) for __rt_lib_init_rand_2
    rand.o(.text) refers to rand.o(.bss) for .bss
    rand.o(.bss) refers (Special) to libinit2.o(.ARM.Collect$$libinit$$0000000D) for __rt_lib_init_rand_2
    __main.o(!!!main) refers to __rtentry.o(.ARM.Collect$$rtentry$$00000000) for __rt_entry
    dfixu.o(x$fpl$dfixu) refers (Special) to usenofp.o(x$fpl$usenofp) for __I$use$fp
    dfixu.o(x$fpl$dfixu) refers to dnaninf.o(x$fpl$dnaninf) for __fpl_dnaninf
    dfixu.o(x$fpl$dfixur) refers (Special) to usenofp.o(x$fpl$usenofp) for __I$use$fp
    dfixu.o(x$fpl$dfixur) refers to dnaninf.o(x$fpl$dnaninf) for __fpl_dnaninf
    dflt_clz.o(x$fpl$dfltu) refers (Special) to usenofp.o(x$fpl$usenofp) for __I$use$fp
    dflt_clz.o(x$fpl$dflt) refers (Special) to usenofp.o(x$fpl$usenofp) for __I$use$fp
    dflt_clz.o(x$fpl$dfltn) refers (Special) to usenofp.o(x$fpl$usenofp) for __I$use$fp
    dmul.o(x$fpl$dmul) refers (Special) to usenofp.o(x$fpl$usenofp) for __I$use$fp
    dmul.o(x$fpl$dmul) refers to dretinf.o(x$fpl$dretinf) for __fpl_dretinf
    dmul.o(x$fpl$dmul) refers to dnaninf.o(x$fpl$dnaninf) for __fpl_dnaninf
    __rtentry.o(.ARM.Collect$$rtentry$$00000000) refers (Special) to __rtentry2.o(.ARM.Collect$$rtentry$$0000000A) for __rt_entry_li
    __rtentry.o(.ARM.Collect$$rtentry$$00000000) refers (Special) to __rtentry2.o(.ARM.Collect$$rtentry$$0000000D) for __rt_entry_main
    __rtentry.o(.ARM.Collect$$rtentry$$00000000) refers (Special) to __rtentry2.o(.ARM.Collect$$rtentry$$0000000C) for __rt_entry_postli_1
    __rtentry.o(.ARM.Collect$$rtentry$$00000000) refers (Special) to __rtentry2.o(.ARM.Collect$$rtentry$$00000009) for __rt_entry_postsh_1
    __rtentry.o(.ARM.Collect$$rtentry$$00000000) refers (Special) to __rtentry2.o(.ARM.Collect$$rtentry$$00000002) for __rt_entry_presh_1
    __rtentry.o(.ARM.Collect$$rtentry$$00000000) refers (Special) to __rtentry4.o(.ARM.Collect$$rtentry$$00000004) for __rt_entry_sh
    libinit2.o(.ARM.Collect$$libinit$$00000001) refers to fpinit.o(x$fpl$fpinit) for _fp_init
    libinit2.o(.ARM.Collect$$libinit$$0000000D) refers (Weak) to rand.o(.text) for _rand_init
    libinit2.o(.ARM.Collect$$libinit$$00000010) refers to libinit2.o(.ARM.Collect$$libinit$$0000000F) for .ARM.Collect$$libinit$$0000000F
    libinit2.o(.ARM.Collect$$libinit$$00000012) refers to libinit2.o(.ARM.Collect$$libinit$$0000000F) for .ARM.Collect$$libinit$$0000000F
    libinit2.o(.ARM.Collect$$libinit$$00000014) refers to libinit2.o(.ARM.Collect$$libinit$$0000000F) for .ARM.Collect$$libinit$$0000000F
    libinit2.o(.ARM.Collect$$libinit$$00000016) refers to libinit2.o(.ARM.Collect$$libinit$$0000000F) for .ARM.Collect$$libinit$$0000000F
    libinit2.o(.ARM.Collect$$libinit$$00000018) refers to libinit2.o(.ARM.Collect$$libinit$$0000000F) for .ARM.Collect$$libinit$$0000000F
    libinit2.o(.ARM.Collect$$libinit$$00000026) refers to argv_veneer.o(.emb_text) for __ARM_argv_veneer
    libinit2.o(.ARM.Collect$$libinit$$00000027) refers to argv_veneer.o(.emb_text) for __ARM_argv_veneer
    dnaninf.o(x$fpl$dnaninf) refers (Special) to usenofp.o(x$fpl$usenofp) for __I$use$fp
    dretinf.o(x$fpl$dretinf) refers (Special) to usenofp.o(x$fpl$usenofp) for __I$use$fp
    __rtentry2.o(.ARM.Collect$$rtentry$$00000008) refers to boardinit2.o(.text) for _platform_post_stackheap_init
    __rtentry2.o(.ARM.Collect$$rtentry$$0000000A) refers to libinit.o(.ARM.Collect$$libinit$$00000000) for __rt_lib_init
    __rtentry2.o(.ARM.Collect$$rtentry$$0000000B) refers to boardinit3.o(.text) for _platform_post_lib_init
    __rtentry2.o(.ARM.Collect$$rtentry$$0000000D) refers to main.o(i.main) for main
    __rtentry2.o(.ARM.Collect$$rtentry$$0000000D) refers to exit.o(.text) for exit
    __rtentry2.o(.ARM.exidx) refers to __rtentry2.o(.ARM.Collect$$rtentry$$00000001) for .ARM.Collect$$rtentry$$00000001
    __rtentry2.o(.ARM.exidx) refers to __rtentry2.o(.ARM.Collect$$rtentry$$00000008) for .ARM.Collect$$rtentry$$00000008
    __rtentry2.o(.ARM.exidx) refers to __rtentry2.o(.ARM.Collect$$rtentry$$0000000A) for .ARM.Collect$$rtentry$$0000000A
    __rtentry2.o(.ARM.exidx) refers to __rtentry2.o(.ARM.Collect$$rtentry$$0000000B) for .ARM.Collect$$rtentry$$0000000B
    __rtentry2.o(.ARM.exidx) refers to __rtentry2.o(.ARM.Collect$$rtentry$$0000000D) for .ARM.Collect$$rtentry$$0000000D
    __rtentry4.o(.ARM.Collect$$rtentry$$00000004) refers to sys_stackheap_outer.o(.text) for __user_setup_stackheap
    __rtentry4.o(.ARM.exidx) refers to __rtentry4.o(.ARM.Collect$$rtentry$$00000004) for .ARM.Collect$$rtentry$$00000004
    argv_veneer.o(.emb_text) refers to no_argv.o(.text) for __ARM_get_argv
    sys_stackheap_outer.o(.text) refers to libspace.o(.text) for __user_perproc_libspace
    sys_stackheap_outer.o(.text) refers to startup_tm4c123.o(.text) for __user_initial_stackheap
    exit.o(.text) refers to rtexit.o(.ARM.Collect$$rtexit$$00000000) for __rt_exit
    _get_argv_nomalloc.o(.text) refers (Special) to hrguard.o(.text) for __heap_region$guard
    _get_argv_nomalloc.o(.text) refers to defsig_rtmem_outer.o(.text) for __rt_SIGRTMEM
    _get_argv_nomalloc.o(.text) refers to sys_command.o(.text) for _sys_command_string
    libinit.o(.ARM.Collect$$libinit$$00000000) refers (Special) to libinit2.o(.ARM.Collect$$libinit$$0000002E) for __rt_lib_init_alloca_1
    libinit.o(.ARM.Collect$$libinit$$00000000) refers (Special) to libinit2.o(.ARM.Collect$$libinit$$0000002C) for __rt_lib_init_argv_1
    libinit.o(.ARM.Collect$$libinit$$00000000) refers (Special) to libinit2.o(.ARM.Collect$$libinit$$0000001B) for __rt_lib_init_atexit_1
    libinit.o(.ARM.Collect$$libinit$$00000000) refers (Special) to libinit2.o(.ARM.Collect$$libinit$$00000021) for __rt_lib_init_clock_1
    libinit.o(.ARM.Collect$$libinit$$00000000) refers (Special) to libinit2.o(.ARM.Collect$$libinit$$00000032) for __rt_lib_init_cpp_1
    libinit.o(.ARM.Collect$$libinit$$00000000) refers (Special) to libinit2.o(.ARM.Collect$$libinit$$00000030) for __rt_lib_init_exceptions_1
    libinit.o(.ARM.Collect$$libinit$$00000000) refers (Special) to libinit2.o(.ARM.Collect$$libinit$$00000001) for __rt_lib_init_fp_1
    libinit.o(.ARM.Collect$$libinit$$00000000) refers (Special) to libinit2.o(.ARM.Collect$$libinit$$0000001F) for __rt_lib_init_fp_trap_1
    libinit.o(.ARM.Collect$$libinit$$00000000) refers (Special) to libinit2.o(.ARM.Collect$$libinit$$00000023) for __rt_lib_init_getenv_1
    libinit.o(.ARM.Collect$$libinit$$00000000) refers (Special) to libinit2.o(.ARM.Collect$$libinit$$0000000A) for __rt_lib_init_heap_1
    libinit.o(.ARM.Collect$$libinit$$00000000) refers (Special) to libinit2.o(.ARM.Collect$$libinit$$00000011) for __rt_lib_init_lc_collate_1
    libinit.o(.ARM.Collect$$libinit$$00000000) refers (Special) to libinit2.o(.ARM.Collect$$libinit$$00000013) for __rt_lib_init_lc_ctype_1
    libinit.o(.ARM.Collect$$libinit$$00000000) refers (Special) to libinit2.o(.ARM.Collect$$libinit$$00000015) for __rt_lib_init_lc_monetary_1
    libinit.o(.ARM.Collect$$libinit$$00000000) refers (Special) to libinit2.o(.ARM.Collect$$libinit$$00000017) for __rt_lib_init_lc_numeric_1
    libinit.o(.ARM.Collect$$libinit$$00000000) refers (Special) to libinit2.o(.ARM.Collect$$libinit$$00000019) for __rt_lib_init_lc_time_1
    libinit.o(.ARM.Collect$$libinit$$00000000) refers (Special) to libinit2.o(.ARM.Collect$$libinit$$00000004) for __rt_lib_init_preinit_1
    libinit.o(.ARM.Collect$$libinit$$00000000) refers (Special) to libinit2.o(.ARM.Collect$$libinit$$0000000E) for __rt_lib_init_rand_1
    libinit.o(.ARM.Collect$$libinit$$00000000) refers (Special) to libinit2.o(.ARM.Collect$$libinit$$00000033) for __rt_lib_init_return
    libinit.o(.ARM.Collect$$libinit$$00000000) refers (Special) to libinit2.o(.ARM.Collect$$libinit$$0000001D) for __rt_lib_init_signal_1
    libinit.o(.ARM.Collect$$libinit$$00000000) refers (Special) to libinit2.o(.ARM.Collect$$libinit$$00000025) for __rt_lib_init_stdio_1
    libinit.o(.ARM.Collect$$libinit$$00000000) refers (Special) to libinit2.o(.ARM.Collect$$libinit$$0000000C) for __rt_lib_init_user_alloc_1
    sys_command.o(.text) refers (Special) to use_no_semi.o(.text) for __I$use$semihosting
    sys_command.o(.text) refers (Special) to indicate_semi.o(.text) for __semihosting_library_function
    libspace.o(.text) refers to libspace.o(.bss) for __libspace_start
    rtexit.o(.ARM.Collect$$rtexit$$00000000) refers (Special) to rtexit2.o(.ARM.Collect$$rtexit$$00000004) for __rt_exit_exit
    rtexit.o(.ARM.Collect$$rtexit$$00000000) refers (Special) to rtexit2.o(.ARM.Collect$$rtexit$$00000003) for __rt_exit_ls
    rtexit.o(.ARM.Collect$$rtexit$$00000000) refers (Special) to rtexit2.o(.ARM.Collect$$rtexit$$00000002) for __rt_exit_prels_1
    rtexit.o(.ARM.exidx) refers (Special) to rtexit2.o(.ARM.Collect$$rtexit$$00000004) for __rt_exit_exit
    rtexit.o(.ARM.exidx) refers (Special) to rtexit2.o(.ARM.Collect$$rtexit$$00000003) for __rt_exit_ls
    rtexit.o(.ARM.exidx) refers (Special) to rtexit2.o(.ARM.Collect$$rtexit$$00000002) for __rt_exit_prels_1
    rtexit.o(.ARM.exidx) refers to rtexit.o(.ARM.Collect$$rtexit$$00000000) for .ARM.Collect$$rtexit$$00000000
    defsig_rtmem_outer.o(.text) refers to defsig_rtmem_inner.o(.text) for __rt_SIGRTMEM_inner
    defsig_rtmem_outer.o(.text) refers to defsig_exit.o(.text) for __sig_exit
    defsig_rtmem_formal.o(.text) refers to rt_raise.o(.text) for __rt_raise
    rtexit2.o(.ARM.Collect$$rtexit$$00000003) refers to libshutdown.o(.ARM.Collect$$libshutdown$$00000000) for __rt_lib_shutdown
    rtexit2.o(.ARM.Collect$$rtexit$$00000004) refers to sys_exit.o(.text) for _sys_exit
    rtexit2.o(.ARM.exidx) refers to rtexit2.o(.ARM.Collect$$rtexit$$00000001) for .ARM.Collect$$rtexit$$00000001
    rtexit2.o(.ARM.exidx) refers to rtexit2.o(.ARM.Collect$$rtexit$$00000003) for .ARM.Collect$$rtexit$$00000003
    rtexit2.o(.ARM.exidx) refers to rtexit2.o(.ARM.Collect$$rtexit$$00000004) for .ARM.Collect$$rtexit$$00000004
    rt_raise.o(.text) refers to __raise.o(.text) for __raise
    rt_raise.o(.text) refers to sys_exit.o(.text) for _sys_exit
    defsig_exit.o(.text) refers to sys_exit.o(.text) for _sys_exit
    defsig_rtmem_inner.o(.text) refers to defsig_general.o(.text) for __default_signal_display
    sys_exit.o(.text) refers (Special) to use_no_semi.o(.text) for __I$use$semihosting
    sys_exit.o(.text) refers (Special) to indicate_semi.o(.text) for __semihosting_library_function
    __raise.o(.text) refers to defsig.o(CL$$defsig) for __default_signal_handler
    defsig_general.o(.text) refers to sys_wrch.o(.text) for _ttywrch
    libshutdown.o(.ARM.Collect$$libshutdown$$00000000) refers (Special) to libshutdown2.o(.ARM.Collect$$libshutdown$$00000002) for __rt_lib_shutdown_cpp_1
    libshutdown.o(.ARM.Collect$$libshutdown$$00000000) refers (Special) to libshutdown2.o(.ARM.Collect$$libshutdown$$00000007) for __rt_lib_shutdown_fp_trap_1
    libshutdown.o(.ARM.Collect$$libshutdown$$00000000) refers (Special) to libshutdown2.o(.ARM.Collect$$libshutdown$$0000000F) for __rt_lib_shutdown_heap_1
    libshutdown.o(.ARM.Collect$$libshutdown$$00000000) refers (Special) to libshutdown2.o(.ARM.Collect$$libshutdown$$00000010) for __rt_lib_shutdown_return
    libshutdown.o(.ARM.Collect$$libshutdown$$00000000) refers (Special) to libshutdown2.o(.ARM.Collect$$libshutdown$$0000000A) for __rt_lib_shutdown_signal_1
    libshutdown.o(.ARM.Collect$$libshutdown$$00000000) refers (Special) to libshutdown2.o(.ARM.Collect$$libshutdown$$00000004) for __rt_lib_shutdown_stdio_1
    libshutdown.o(.ARM.Collect$$libshutdown$$00000000) refers (Special) to libshutdown2.o(.ARM.Collect$$libshutdown$$0000000C) for __rt_lib_shutdown_user_alloc_1
    sys_wrch.o(.text) refers (Special) to use_no_semi.o(.text) for __I$use$semihosting
    sys_wrch.o(.text) refers (Special) to indicate_semi.o(.text) for __semihosting_library_function
    defsig.o(CL$$defsig) refers to defsig_rtmem_inner.o(.text) for __rt_SIGRTMEM_inner
    defsig_abrt_inner.o(.text) refers to defsig_general.o(.text) for __default_signal_display
    defsig_fpe_inner.o(.text) refers to defsig_general.o(.text) for __default_signal_display
    defsig_rtred_inner.o(.text) refers to defsig_general.o(.text) for __default_signal_display
    defsig_stak_inner.o(.text) refers to defsig_general.o(.text) for __default_signal_display
    defsig_pvfn_inner.o(.text) refers to defsig_general.o(.text) for __default_signal_display
    defsig_cppl_inner.o(.text) refers to defsig_general.o(.text) for __default_signal_display
    defsig_segv_inner.o(.text) refers to defsig_general.o(.text) for __default_signal_display
    defsig_other.o(.text) refers to defsig_general.o(.text) for __default_signal_display


==============================================================================

Removing Unused input sections from the image.

    Removing main.o(.rev16_text), (4 bytes).
    Removing main.o(.revsh_text), (4 bytes).
    Removing main.o(.rrx_text), (6 bytes).
    Removing main.o(.data), (14 bytes).
    Removing head.o(.rev16_text), (4 bytes).
    Removing head.o(.revsh_text), (4 bytes).
    Removing head.o(.rrx_text), (6 bytes).
    Removing neck.o(.rev16_text), (4 bytes).
    Removing neck.o(.revsh_text), (4 bytes).
    Removing neck.o(.rrx_text), (6 bytes).
    Removing neck.o(i.check_left), (72 bytes).
    Removing neck.o(i.check_right), (72 bytes).
    Removing neck.o(i.neck_turn), (12 bytes).
    Removing limbs.o(i.TURN_away), (16 bytes).
    Removing limbs.o(i.WALK_away), (32 bytes).
    Removing delay.o(.rev16_text), (4 bytes).
    Removing delay.o(.revsh_text), (4 bytes).
    Removing delay.o(.rrx_text), (6 bytes).
    Removing play_around.o(.rev16_text), (4 bytes).
    Removing play_around.o(.revsh_text), (4 bytes).
    Removing play_around.o(.rrx_text), (6 bytes).
    Removing play_around.o(i.shy), (92 bytes).
    Removing system_tm4c123.o(.rev16_text), (4 bytes).
    Removing system_tm4c123.o(.revsh_text), (4 bytes).
    Removing system_tm4c123.o(.rrx_text), (6 bytes).
    Removing system_tm4c123.o(i.SystemCoreClockUpdate), (196 bytes).
    Removing system_tm4c123.o(i.getOscClk), (244 bytes).
    Removing system_tm4c123.o(.data), (4 bytes).

28 unused section(s) (total 838 bytes) removed from the image.

==============================================================================

Image Symbol Table

    Local Symbols

    Symbol Name                              Value     Ov Type        Size  Object(Section)

    RESET                                    0x00000000   Section      620  startup_tm4c123.o(RESET)
    ../clib/angel/boardlib.s                 0x00000000   Number         0  boardinit1.o ABSOLUTE
    ../clib/angel/boardlib.s                 0x00000000   Number         0  boardshut.o ABSOLUTE
    ../clib/angel/boardlib.s                 0x00000000   Number         0  boardinit3.o ABSOLUTE
    ../clib/angel/boardlib.s                 0x00000000   Number         0  boardinit2.o ABSOLUTE
    ../clib/angel/handlers.s                 0x00000000   Number         0  __scatter_copy.o ABSOLUTE
    ../clib/angel/handlers.s                 0x00000000   Number         0  __scatter_zi.o ABSOLUTE
    ../clib/angel/kernel.s                   0x00000000   Number         0  rtexit2.o ABSOLUTE
    ../clib/angel/kernel.s                   0x00000000   Number         0  __rtentry4.o ABSOLUTE
    ../clib/angel/kernel.s                   0x00000000   Number         0  __rtentry.o ABSOLUTE
    ../clib/angel/kernel.s                   0x00000000   Number         0  __rtentry2.o ABSOLUTE
    ../clib/angel/kernel.s                   0x00000000   Number         0  rtexit.o ABSOLUTE
    ../clib/angel/rt.s                       0x00000000   Number         0  rt_raise.o ABSOLUTE
    ../clib/angel/scatter.s                  0x00000000   Number         0  __scatter.o ABSOLUTE
    ../clib/angel/startup.s                  0x00000000   Number         0  __main.o ABSOLUTE
    ../clib/angel/sys.s                      0x00000000   Number         0  use_no_semi.o ABSOLUTE
    ../clib/angel/sys.s                      0x00000000   Number         0  indicate_semi.o ABSOLUTE
    ../clib/angel/sys.s                      0x00000000   Number         0  sys_stackheap_outer.o ABSOLUTE
    ../clib/angel/sys.s                      0x00000000   Number         0  libspace.o ABSOLUTE
    ../clib/angel/sysapp.c                   0x00000000   Number         0  sys_command.o ABSOLUTE
    ../clib/angel/sysapp.c                   0x00000000   Number         0  sys_wrch.o ABSOLUTE
    ../clib/angel/sysapp.c                   0x00000000   Number         0  sys_exit.o ABSOLUTE
    ../clib/armsys.c                         0x00000000   Number         0  no_argv.o ABSOLUTE
    ../clib/armsys.c                         0x00000000   Number         0  argv_veneer.o ABSOLUTE
    ../clib/armsys.c                         0x00000000   Number         0  _get_argv_nomalloc.o ABSOLUTE
    ../clib/armsys.c                         0x00000000   Number         0  argv_veneer.o ABSOLUTE
    ../clib/heapalloc.c                      0x00000000   Number         0  hrguard.o ABSOLUTE
    ../clib/heapaux.c                        0x00000000   Number         0  heapauxi.o ABSOLUTE
    ../clib/libinit.s                        0x00000000   Number         0  libshutdown2.o ABSOLUTE
    ../clib/libinit.s                        0x00000000   Number         0  libinit2.o ABSOLUTE
    ../clib/libinit.s                        0x00000000   Number         0  libshutdown.o ABSOLUTE
    ../clib/libinit.s                        0x00000000   Number         0  libinit.o ABSOLUTE
    ../clib/signal.c                         0x00000000   Number         0  defsig_abrt_inner.o ABSOLUTE
    ../clib/signal.c                         0x00000000   Number         0  defsig_other.o ABSOLUTE
    ../clib/signal.c                         0x00000000   Number         0  defsig_cppl_inner.o ABSOLUTE
    ../clib/signal.c                         0x00000000   Number         0  defsig_pvfn_inner.o ABSOLUTE
    ../clib/signal.c                         0x00000000   Number         0  defsig_stak_inner.o ABSOLUTE
    ../clib/signal.c                         0x00000000   Number         0  __raise.o ABSOLUTE
    ../clib/signal.c                         0x00000000   Number         0  defsig_general.o ABSOLUTE
    ../clib/signal.c                         0x00000000   Number         0  defsig_rtmem_inner.o ABSOLUTE
    ../clib/signal.c                         0x00000000   Number         0  defsig_rtmem_formal.o ABSOLUTE
    ../clib/signal.c                         0x00000000   Number         0  defsig_rtmem_outer.o ABSOLUTE
    ../clib/signal.c                         0x00000000   Number         0  defsig_fpe_inner.o ABSOLUTE
    ../clib/signal.c                         0x00000000   Number         0  defsig_segv_inner.o ABSOLUTE
    ../clib/signal.c                         0x00000000   Number         0  defsig_rtred_inner.o ABSOLUTE
    ../clib/signal.c                         0x00000000   Number         0  defsig_exit.o ABSOLUTE
    ../clib/signal.s                         0x00000000   Number         0  defsig.o ABSOLUTE
    ../clib/stdlib.c                         0x00000000   Number         0  rand.o ABSOLUTE
    ../clib/stdlib.c                         0x00000000   Number         0  rand.o ABSOLUTE
    ../clib/stdlib.c                         0x00000000   Number         0  exit.o ABSOLUTE
    ../fplib/dfixu.s                         0x00000000   Number         0  dfixu.o ABSOLUTE
    ../fplib/dflt.s                          0x00000000   Number         0  dflt_clz.o ABSOLUTE
    ../fplib/dmul.s                          0x00000000   Number         0  dmul.o ABSOLUTE
    ../fplib/dnaninf.s                       0x00000000   Number         0  dnaninf.o ABSOLUTE
    ../fplib/dretinf.s                       0x00000000   Number         0  dretinf.o ABSOLUTE
    ../fplib/fpinit.s                        0x00000000   Number         0  fpinit.o ABSOLUTE
    ../fplib/usenofp.s                       0x00000000   Number         0  usenofp.o ABSOLUTE
    Libraries&Drivers\\delay.c               0x00000000   Number         0  delay.o ABSOLUTE
    Libraries&Drivers\\head.c                0x00000000   Number         0  head.o ABSOLUTE
    Libraries&Drivers\\neck.c                0x00000000   Number         0  neck.o ABSOLUTE
    Libraries&Drivers\\play_around.c         0x00000000   Number         0  play_around.o ABSOLUTE
    Libraries&Drivers\delay.c                0x00000000   Number         0  delay.o ABSOLUTE
    Libraries&Drivers\head.c                 0x00000000   Number         0  head.o ABSOLUTE
    Libraries&Drivers\head.s                 0x00000000   Number         0  head_1.o ABSOLUTE
    Libraries&Drivers\lights.s               0x00000000   Number         0  lights.o ABSOLUTE
    Libraries&Drivers\limbs.c                0x00000000   Number         0  limbs.o ABSOLUTE
    Libraries&Drivers\limbs.s                0x00000000   Number         0  limbs_1.o ABSOLUTE
    Libraries&Drivers\neck.c                 0x00000000   Number         0  neck.o ABSOLUTE
    Libraries&Drivers\play_around.c          0x00000000   Number         0  play_around.o ABSOLUTE
    Libraries&Drivers\tail.s                 0x00000000   Number         0  tail.o ABSOLUTE
    RTE\Device\TM4C1230H6PM\startup_TM4C123.s 0x00000000   Number         0  startup_tm4c123.o ABSOLUTE
    RTE\Device\TM4C1230H6PM\system_TM4C123.c 0x00000000   Number         0  system_tm4c123.o ABSOLUTE
    RTE\\Device\\TM4C1230H6PM\\system_TM4C123.c 0x00000000   Number         0  system_tm4c123.o ABSOLUTE
    dc.s                                     0x00000000   Number         0  dc.o ABSOLUTE
    main.c                                   0x00000000   Number         0  main.o ABSOLUTE
    main.c                                   0x00000000   Number         0  main.o ABSOLUTE
    !!!main                                  0x0000026c   Section        8  __main.o(!!!main)
    !!!scatter                               0x00000274   Section       52  __scatter.o(!!!scatter)
    !!handler_copy                           0x000002a8   Section       26  __scatter_copy.o(!!handler_copy)
    !!handler_zi                             0x000002c4   Section       28  __scatter_zi.o(!!handler_zi)
    .ARM.Collect$$libinit$$00000000          0x000002e0   Section        2  libinit.o(.ARM.Collect$$libinit$$00000000)
    .ARM.Collect$$libinit$$00000001          0x000002e2   Section        4  libinit2.o(.ARM.Collect$$libinit$$00000001)
    .ARM.Collect$$libinit$$00000004          0x000002e6   Section        0  libinit2.o(.ARM.Collect$$libinit$$00000004)
    .ARM.Collect$$libinit$$0000000A          0x000002e6   Section        0  libinit2.o(.ARM.Collect$$libinit$$0000000A)
    .ARM.Collect$$libinit$$0000000C          0x000002e6   Section        0  libinit2.o(.ARM.Collect$$libinit$$0000000C)
    .ARM.Collect$$libinit$$0000000D          0x000002e6   Section        4  libinit2.o(.ARM.Collect$$libinit$$0000000D)
    .ARM.Collect$$libinit$$0000000E          0x000002ea   Section        0  libinit2.o(.ARM.Collect$$libinit$$0000000E)
    .ARM.Collect$$libinit$$00000011          0x000002ea   Section        0  libinit2.o(.ARM.Collect$$libinit$$00000011)
    .ARM.Collect$$libinit$$00000013          0x000002ea   Section        0  libinit2.o(.ARM.Collect$$libinit$$00000013)
    .ARM.Collect$$libinit$$00000015          0x000002ea   Section        0  libinit2.o(.ARM.Collect$$libinit$$00000015)
    .ARM.Collect$$libinit$$00000017          0x000002ea   Section        0  libinit2.o(.ARM.Collect$$libinit$$00000017)
    .ARM.Collect$$libinit$$00000019          0x000002ea   Section        0  libinit2.o(.ARM.Collect$$libinit$$00000019)
    .ARM.Collect$$libinit$$0000001B          0x000002ea   Section        0  libinit2.o(.ARM.Collect$$libinit$$0000001B)
    .ARM.Collect$$libinit$$0000001D          0x000002ea   Section        0  libinit2.o(.ARM.Collect$$libinit$$0000001D)
    .ARM.Collect$$libinit$$0000001F          0x000002ea   Section        0  libinit2.o(.ARM.Collect$$libinit$$0000001F)
    .ARM.Collect$$libinit$$00000021          0x000002ea   Section        0  libinit2.o(.ARM.Collect$$libinit$$00000021)
    .ARM.Collect$$libinit$$00000023          0x000002ea   Section        0  libinit2.o(.ARM.Collect$$libinit$$00000023)
    .ARM.Collect$$libinit$$00000025          0x000002ea   Section        0  libinit2.o(.ARM.Collect$$libinit$$00000025)
    .ARM.Collect$$libinit$$0000002C          0x000002ea   Section        0  libinit2.o(.ARM.Collect$$libinit$$0000002C)
    .ARM.Collect$$libinit$$0000002E          0x000002ea   Section        0  libinit2.o(.ARM.Collect$$libinit$$0000002E)
    .ARM.Collect$$libinit$$00000030          0x000002ea   Section        0  libinit2.o(.ARM.Collect$$libinit$$00000030)
    .ARM.Collect$$libinit$$00000032          0x000002ea   Section        0  libinit2.o(.ARM.Collect$$libinit$$00000032)
    .ARM.Collect$$libinit$$00000033          0x000002ea   Section        2  libinit2.o(.ARM.Collect$$libinit$$00000033)
    .ARM.Collect$$libshutdown$$00000000      0x000002ec   Section        2  libshutdown.o(.ARM.Collect$$libshutdown$$00000000)
    .ARM.Collect$$libshutdown$$00000002      0x000002ee   Section        0  libshutdown2.o(.ARM.Collect$$libshutdown$$00000002)
    .ARM.Collect$$libshutdown$$00000004      0x000002ee   Section        0  libshutdown2.o(.ARM.Collect$$libshutdown$$00000004)
    .ARM.Collect$$libshutdown$$00000007      0x000002ee   Section        0  libshutdown2.o(.ARM.Collect$$libshutdown$$00000007)
    .ARM.Collect$$libshutdown$$0000000A      0x000002ee   Section        0  libshutdown2.o(.ARM.Collect$$libshutdown$$0000000A)
    .ARM.Collect$$libshutdown$$0000000C      0x000002ee   Section        0  libshutdown2.o(.ARM.Collect$$libshutdown$$0000000C)
    .ARM.Collect$$libshutdown$$0000000F      0x000002ee   Section        0  libshutdown2.o(.ARM.Collect$$libshutdown$$0000000F)
    .ARM.Collect$$libshutdown$$00000010      0x000002ee   Section        2  libshutdown2.o(.ARM.Collect$$libshutdown$$00000010)
    .ARM.Collect$$rtentry$$00000000          0x000002f0   Section        0  __rtentry.o(.ARM.Collect$$rtentry$$00000000)
    .ARM.Collect$$rtentry$$00000002          0x000002f0   Section        0  __rtentry2.o(.ARM.Collect$$rtentry$$00000002)
    .ARM.Collect$$rtentry$$00000004          0x000002f0   Section        6  __rtentry4.o(.ARM.Collect$$rtentry$$00000004)
    .ARM.Collect$$rtentry$$00000009          0x000002f6   Section        0  __rtentry2.o(.ARM.Collect$$rtentry$$00000009)
    .ARM.Collect$$rtentry$$0000000A          0x000002f6   Section        4  __rtentry2.o(.ARM.Collect$$rtentry$$0000000A)
    .ARM.Collect$$rtentry$$0000000C          0x000002fa   Section        0  __rtentry2.o(.ARM.Collect$$rtentry$$0000000C)
    .ARM.Collect$$rtentry$$0000000D          0x000002fa   Section        8  __rtentry2.o(.ARM.Collect$$rtentry$$0000000D)
    .ARM.Collect$$rtexit$$00000000           0x00000302   Section        2  rtexit.o(.ARM.Collect$$rtexit$$00000000)
    .ARM.Collect$$rtexit$$00000002           0x00000304   Section        0  rtexit2.o(.ARM.Collect$$rtexit$$00000002)
    .ARM.Collect$$rtexit$$00000003           0x00000304   Section        4  rtexit2.o(.ARM.Collect$$rtexit$$00000003)
    .ARM.Collect$$rtexit$$00000004           0x00000308   Section        6  rtexit2.o(.ARM.Collect$$rtexit$$00000004)
    .emb_text                                0x00000310   Section       52  rand.o(.emb_text)
    .text                                    0x00000344   Section       44  head_1.o(.text)
    $v0                                      0x00000344   Number         0  head_1.o(.text)
    .text                                    0x00000370   Section      104  limbs_1.o(.text)
    $v0                                      0x00000370   Number         0  limbs_1.o(.text)
    .text                                    0x000003d8   Section       60  tail.o(.text)
    $v0                                      0x000003d8   Number         0  tail.o(.text)
    .text                                    0x00000414   Section       68  lights.o(.text)
    $v0                                      0x00000414   Number         0  lights.o(.text)
    .text                                    0x00000458   Section      276  startup_tm4c123.o(.text)
    $v0                                      0x00000458   Number         0  startup_tm4c123.o(.text)
    .text                                    0x0000056c   Section        0  rand.o(.text)
    .text                                    0x000005a8   Section        0  heapauxi.o(.text)
    .text                                    0x000005ae   Section       74  sys_stackheap_outer.o(.text)
    .text                                    0x000005f8   Section        0  exit.o(.text)
    .text                                    0x0000060c   Section        8  libspace.o(.text)
    .text                                    0x00000614   Section        2  use_no_semi.o(.text)
    .text                                    0x00000616   Section        0  indicate_semi.o(.text)
    .text                                    0x00000618   Section        0  sys_exit.o(.text)
    i.SystemInit                             0x00000624   Section        0  system_tm4c123.o(i.SystemInit)
    i.TIMER2A_Handler                        0x000006bc   Section        0  delay.o(i.TIMER2A_Handler)
    i.delayMs                                0x00000760   Section        0  delay.o(i.delayMs)
    i.delay_Microsecond                      0x0000077c   Section        0  delay.o(i.delay_Microsecond)
    i.echoAndTimer0_Init                     0x000007d0   Section        0  head.o(i.echoAndTimer0_Init)
    i.headSensor_detect                      0x00000864   Section        0  head.o(i.headSensor_detect)
    i.main                                   0x0000093c   Section        0  main.o(i.main)
    i.neck_init                              0x00000960   Section        0  neck.o(i.neck_init)
    i.play                                   0x00000a0c   Section        0  play_around.o(i.play)
    i.rand_lim                               0x00000ac8   Section        0  delay.o(i.rand_lim)
    i.runToHide                              0x00000ae8   Section        0  limbs.o(i.runToHide)
    i.seeWhoAndRun                           0x00000b08   Section        0  limbs.o(i.seeWhoAndRun)
    i.timer2A_init                           0x00000b34   Section        0  delay.o(i.timer2A_init)
    i.turnAwayLeft                           0x00000b8c   Section        0  limbs.o(i.turnAwayLeft)
    i.turnAwayLeft180                        0x00000b9c   Section        0  limbs.o(i.turnAwayLeft180)
    i.turnAwayLeft360                        0x00000bac   Section        0  limbs.o(i.turnAwayLeft360)
    i.turnAwayRight                          0x00000bbc   Section        0  limbs.o(i.turnAwayRight)
    i.turnAwayRight180                       0x00000bcc   Section        0  limbs.o(i.turnAwayRight180)
    i.turnAwayRight360                       0x00000bdc   Section        0  limbs.o(i.turnAwayRight360)
    i.walkForward                            0x00000bec   Section        0  limbs.o(i.walkForward)
    x$fpl$dfixu                              0x00000bfc   Section       90  dfixu.o(x$fpl$dfixu)
    $v0                                      0x00000bfc   Number         0  dfixu.o(x$fpl$dfixu)
    x$fpl$dfltu                              0x00000c56   Section       38  dflt_clz.o(x$fpl$dfltu)
    $v0                                      0x00000c56   Number         0  dflt_clz.o(x$fpl$dfltu)
    x$fpl$dmul                               0x00000c7c   Section      340  dmul.o(x$fpl$dmul)
    $v0                                      0x00000c7c   Number         0  dmul.o(x$fpl$dmul)
    x$fpl$dnaninf                            0x00000dd0   Section      156  dnaninf.o(x$fpl$dnaninf)
    $v0                                      0x00000dd0   Number         0  dnaninf.o(x$fpl$dnaninf)
    x$fpl$dretinf                            0x00000e6c   Section       12  dretinf.o(x$fpl$dretinf)
    $v0                                      0x00000e6c   Number         0  dretinf.o(x$fpl$dretinf)
    x$fpl$fpinit                             0x00000e78   Section       10  fpinit.o(x$fpl$fpinit)
    $v0                                      0x00000e78   Number         0  fpinit.o(x$fpl$fpinit)
    x$fpl$usenofp                            0x00000e82   Section        0  usenofp.o(x$fpl$usenofp)
    .data                                    0x20000000   Section       12  head.o(.data)
    highEdge                                 0x20000000   Data           4  head.o(.data)
    lowEdge                                  0x20000004   Data           4  head.o(.data)
    ddistance                                0x20000008   Data           4  head.o(.data)
    .data                                    0x2000000c   Section       14  delay.o(.data)
    highEdge                                 0x2000000c   Data           4  delay.o(.data)
    lowEdge                                  0x20000010   Data           4  delay.o(.data)
    ddistance                                0x20000014   Data           4  delay.o(.data)
    no_way                                   0x20000018   Data           1  delay.o(.data)
    move                                     0x20000019   Data           1  delay.o(.data)
    .data                                    0x2000001c   Section       16  play_around.o(.data)
    no_way                                   0x2000001c   Data           1  play_around.o(.data)
    move                                     0x2000001d   Data           1  play_around.o(.data)
    highEdge                                 0x20000020   Data           4  play_around.o(.data)
    lowEdge                                  0x20000024   Data           4  play_around.o(.data)
    ddistance                                0x20000028   Data           4  play_around.o(.data)
    .bss                                     0x2000002c   Section      228  rand.o(.bss)
    .bss                                     0x20000110   Section       96  libspace.o(.bss)
    HEAP                                     0x20000170   Section        0  startup_tm4c123.o(HEAP)
    STACK                                    0x20000170   Section      512  startup_tm4c123.o(STACK)
    Heap_Mem                                 0x20000170   Data           0  startup_tm4c123.o(HEAP)
    Stack_Mem                                0x20000170   Data         512  startup_tm4c123.o(STACK)
    __initial_sp                             0x20000370   Data           0  startup_tm4c123.o(STACK)

    Global Symbols

    Symbol Name                              Value     Ov Type        Size  Object(Section)

    BuildAttributes$$THM_ISAv4$E$P$D$K$B$S$7EM$VFPi3$EXTD16$VFPS$VFMA$PE$A:L22UL41UL21$X:L11$S22US41US21$IEEE1$IW$USESV6$~STKCKD$USESV7$~SHL$OSPACE$ROPI$EBA8$UX$STANDARDLIB$REQ8$PRES8$EABIv2 0x00000000   Number         0  anon$$obj.o ABSOLUTE
    __ARM_use_no_argv                        0x00000000   Number         0  main.o ABSOLUTE
    __Vectors                                0x00000000   Data           4  startup_tm4c123.o(RESET)
    __ARM_exceptions_init                     - Undefined Weak Reference
    __alloca_initialize                       - Undefined Weak Reference
    __arm_preinit_                            - Undefined Weak Reference
    __cpp_initialize__aeabi_                  - Undefined Weak Reference
    __cxa_finalize                            - Undefined Weak Reference
    __rt_locale                               - Undefined Weak Reference
    __sigvec_lookup                           - Undefined Weak Reference
    _atexit_init                              - Undefined Weak Reference
    _call_atexit_fns                          - Undefined Weak Reference
    _clock_init                               - Undefined Weak Reference
    _fp_trap_init                             - Undefined Weak Reference
    _fp_trap_shutdown                         - Undefined Weak Reference
    _get_lc_collate                           - Undefined Weak Reference
    _get_lc_ctype                             - Undefined Weak Reference
    _get_lc_monetary                          - Undefined Weak Reference
    _get_lc_numeric                           - Undefined Weak Reference
    _get_lc_time                              - Undefined Weak Reference
    _getenv_init                              - Undefined Weak Reference
    _handle_redirection                       - Undefined Weak Reference
    _init_alloc                               - Undefined Weak Reference
    _init_user_alloc                          - Undefined Weak Reference
    _initio                                   - Undefined Weak Reference
    _signal_finish                            - Undefined Weak Reference
    _signal_init                              - Undefined Weak Reference
    _terminate_alloc                          - Undefined Weak Reference
    _terminate_user_alloc                     - Undefined Weak Reference
    _terminateio                              - Undefined Weak Reference
    __Vectors_End                            0x0000026c   Data           0  startup_tm4c123.o(RESET)
    __Vectors_Size                           0x0000026c   Number         0  startup_tm4c123.o ABSOLUTE
    __main                                   0x0000026d   Thumb Code     8  __main.o(!!!main)
    __scatterload                            0x00000275   Thumb Code     0  __scatter.o(!!!scatter)
    __scatterload_rt2                        0x00000275   Thumb Code    44  __scatter.o(!!!scatter)
    __scatterload_rt2_thumb_only             0x00000275   Thumb Code     0  __scatter.o(!!!scatter)
    __scatterload_null                       0x00000283   Thumb Code     0  __scatter.o(!!!scatter)
    __scatterload_copy                       0x000002a9   Thumb Code    26  __scatter_copy.o(!!handler_copy)
    __scatterload_zeroinit                   0x000002c5   Thumb Code    28  __scatter_zi.o(!!handler_zi)
    __rt_lib_init                            0x000002e1   Thumb Code     0  libinit.o(.ARM.Collect$$libinit$$00000000)
    __rt_lib_init_fp_1                       0x000002e3   Thumb Code     0  libinit2.o(.ARM.Collect$$libinit$$00000001)
    __rt_lib_init_heap_1                     0x000002e7   Thumb Code     0  libinit2.o(.ARM.Collect$$libinit$$0000000A)
    __rt_lib_init_preinit_1                  0x000002e7   Thumb Code     0  libinit2.o(.ARM.Collect$$libinit$$00000004)
    __rt_lib_init_rand_2                     0x000002e7   Thumb Code     0  libinit2.o(.ARM.Collect$$libinit$$0000000D)
    __rt_lib_init_user_alloc_1               0x000002e7   Thumb Code     0  libinit2.o(.ARM.Collect$$libinit$$0000000C)
    __rt_lib_init_alloca_1                   0x000002eb   Thumb Code     0  libinit2.o(.ARM.Collect$$libinit$$0000002E)
    __rt_lib_init_argv_1                     0x000002eb   Thumb Code     0  libinit2.o(.ARM.Collect$$libinit$$0000002C)
    __rt_lib_init_atexit_1                   0x000002eb   Thumb Code     0  libinit2.o(.ARM.Collect$$libinit$$0000001B)
    __rt_lib_init_clock_1                    0x000002eb   Thumb Code     0  libinit2.o(.ARM.Collect$$libinit$$00000021)
    __rt_lib_init_cpp_1                      0x000002eb   Thumb Code     0  libinit2.o(.ARM.Collect$$libinit$$00000032)
    __rt_lib_init_exceptions_1               0x000002eb   Thumb Code     0  libinit2.o(.ARM.Collect$$libinit$$00000030)
    __rt_lib_init_fp_trap_1                  0x000002eb   Thumb Code     0  libinit2.o(.ARM.Collect$$libinit$$0000001F)
    __rt_lib_init_getenv_1                   0x000002eb   Thumb Code     0  libinit2.o(.ARM.Collect$$libinit$$00000023)
    __rt_lib_init_lc_collate_1               0x000002eb   Thumb Code     0  libinit2.o(.ARM.Collect$$libinit$$00000011)
    __rt_lib_init_lc_ctype_1                 0x000002eb   Thumb Code     0  libinit2.o(.ARM.Collect$$libinit$$00000013)
    __rt_lib_init_lc_monetary_1              0x000002eb   Thumb Code     0  libinit2.o(.ARM.Collect$$libinit$$00000015)
    __rt_lib_init_lc_numeric_1               0x000002eb   Thumb Code     0  libinit2.o(.ARM.Collect$$libinit$$00000017)
    __rt_lib_init_lc_time_1                  0x000002eb   Thumb Code     0  libinit2.o(.ARM.Collect$$libinit$$00000019)
    __rt_lib_init_rand_1                     0x000002eb   Thumb Code     0  libinit2.o(.ARM.Collect$$libinit$$0000000E)
    __rt_lib_init_return                     0x000002eb   Thumb Code     0  libinit2.o(.ARM.Collect$$libinit$$00000033)
    __rt_lib_init_signal_1                   0x000002eb   Thumb Code     0  libinit2.o(.ARM.Collect$$libinit$$0000001D)
    __rt_lib_init_stdio_1                    0x000002eb   Thumb Code     0  libinit2.o(.ARM.Collect$$libinit$$00000025)
    __rt_lib_shutdown                        0x000002ed   Thumb Code     0  libshutdown.o(.ARM.Collect$$libshutdown$$00000000)
    __rt_lib_shutdown_cpp_1                  0x000002ef   Thumb Code     0  libshutdown2.o(.ARM.Collect$$libshutdown$$00000002)
    __rt_lib_shutdown_fp_trap_1              0x000002ef   Thumb Code     0  libshutdown2.o(.ARM.Collect$$libshutdown$$00000007)
    __rt_lib_shutdown_heap_1                 0x000002ef   Thumb Code     0  libshutdown2.o(.ARM.Collect$$libshutdown$$0000000F)
    __rt_lib_shutdown_return                 0x000002ef   Thumb Code     0  libshutdown2.o(.ARM.Collect$$libshutdown$$00000010)
    __rt_lib_shutdown_signal_1               0x000002ef   Thumb Code     0  libshutdown2.o(.ARM.Collect$$libshutdown$$0000000A)
    __rt_lib_shutdown_stdio_1                0x000002ef   Thumb Code     0  libshutdown2.o(.ARM.Collect$$libshutdown$$00000004)
    __rt_lib_shutdown_user_alloc_1           0x000002ef   Thumb Code     0  libshutdown2.o(.ARM.Collect$$libshutdown$$0000000C)
    __rt_entry                               0x000002f1   Thumb Code     0  __rtentry.o(.ARM.Collect$$rtentry$$00000000)
    __rt_entry_presh_1                       0x000002f1   Thumb Code     0  __rtentry2.o(.ARM.Collect$$rtentry$$00000002)
    __rt_entry_sh                            0x000002f1   Thumb Code     0  __rtentry4.o(.ARM.Collect$$rtentry$$00000004)
    __rt_entry_li                            0x000002f7   Thumb Code     0  __rtentry2.o(.ARM.Collect$$rtentry$$0000000A)
    __rt_entry_postsh_1                      0x000002f7   Thumb Code     0  __rtentry2.o(.ARM.Collect$$rtentry$$00000009)
    __rt_entry_main                          0x000002fb   Thumb Code     0  __rtentry2.o(.ARM.Collect$$rtentry$$0000000D)
    __rt_entry_postli_1                      0x000002fb   Thumb Code     0  __rtentry2.o(.ARM.Collect$$rtentry$$0000000C)
    __rt_exit                                0x00000303   Thumb Code     0  rtexit.o(.ARM.Collect$$rtexit$$00000000)
    __rt_exit_ls                             0x00000305   Thumb Code     0  rtexit2.o(.ARM.Collect$$rtexit$$00000003)
    __rt_exit_prels_1                        0x00000305   Thumb Code     0  rtexit2.o(.ARM.Collect$$rtexit$$00000002)
    __rt_exit_exit                           0x00000309   Thumb Code     0  rtexit2.o(.ARM.Collect$$rtexit$$00000004)
    rand                                     0x00000311   Thumb Code    48  rand.o(.emb_text)
    HEAD_Init                                0x00000345   Thumb Code     0  head_1.o(.text)
    LIMBS_Init                               0x00000371   Thumb Code     0  limbs_1.o(.text)
    TURN_Left                                0x0000039b   Thumb Code     0  limbs_1.o(.text)
    TURN_Right                               0x000003a5   Thumb Code     0  limbs_1.o(.text)
    FORWARD                                  0x000003af   Thumb Code     0  limbs_1.o(.text)
    STOP                                     0x000003b9   Thumb Code     0  limbs_1.o(.text)
    TAIL_Init                                0x000003d9   Thumb Code     0  tail.o(.text)
    TAIL_sense                               0x000003f9   Thumb Code     0  tail.o(.text)
    LIGHTS_Init                              0x00000415   Thumb Code     0  lights.o(.text)
    Reset_Handler                            0x00000459   Thumb Code     8  startup_tm4c123.o(.text)
    NMI_Handler                              0x00000461   Thumb Code     2  startup_tm4c123.o(.text)
    HardFault_Handler                        0x00000463   Thumb Code     2  startup_tm4c123.o(.text)
    MemManage_Handler                        0x00000465   Thumb Code     2  startup_tm4c123.o(.text)
    BusFault_Handler                         0x00000467   Thumb Code     2  startup_tm4c123.o(.text)
    UsageFault_Handler                       0x00000469   Thumb Code     2  startup_tm4c123.o(.text)
    SVC_Handler                              0x0000046b   Thumb Code     2  startup_tm4c123.o(.text)
    DebugMon_Handler                         0x0000046d   Thumb Code     2  startup_tm4c123.o(.text)
    PendSV_Handler                           0x0000046f   Thumb Code     2  startup_tm4c123.o(.text)
    SysTick_Handler                          0x00000471   Thumb Code     2  startup_tm4c123.o(.text)
    GPIOA_Handler                            0x00000473   Thumb Code     2  startup_tm4c123.o(.text)
    GPIOB_Handler                            0x00000475   Thumb Code     2  startup_tm4c123.o(.text)
    GPIOC_Handler                            0x00000477   Thumb Code     2  startup_tm4c123.o(.text)
    GPIOD_Handler                            0x00000479   Thumb Code     2  startup_tm4c123.o(.text)
    GPIOE_Handler                            0x0000047b   Thumb Code     2  startup_tm4c123.o(.text)
    UART0_Handler                            0x0000047d   Thumb Code     2  startup_tm4c123.o(.text)
    UART1_Handler                            0x0000047f   Thumb Code     2  startup_tm4c123.o(.text)
    SSI0_Handler                             0x00000481   Thumb Code     2  startup_tm4c123.o(.text)
    I2C0_Handler                             0x00000483   Thumb Code     2  startup_tm4c123.o(.text)
    PMW0_FAULT_Handler                       0x00000485   Thumb Code     2  startup_tm4c123.o(.text)
    PWM0_0_Handler                           0x00000487   Thumb Code     2  startup_tm4c123.o(.text)
    PWM0_1_Handler                           0x00000489   Thumb Code     2  startup_tm4c123.o(.text)
    PWM0_2_Handler                           0x0000048b   Thumb Code     2  startup_tm4c123.o(.text)
    QEI0_Handler                             0x0000048d   Thumb Code     2  startup_tm4c123.o(.text)
    ADC0SS0_Handler                          0x0000048f   Thumb Code     2  startup_tm4c123.o(.text)
    ADC0SS1_Handler                          0x00000491   Thumb Code     2  startup_tm4c123.o(.text)
    ADC0SS2_Handler                          0x00000493   Thumb Code     2  startup_tm4c123.o(.text)
    ADC0SS3_Handler                          0x00000495   Thumb Code     2  startup_tm4c123.o(.text)
    WDT0_Handler                             0x00000497   Thumb Code     2  startup_tm4c123.o(.text)
    TIMER0A_Handler                          0x00000499   Thumb Code     2  startup_tm4c123.o(.text)
    TIMER0B_Handler                          0x0000049b   Thumb Code     2  startup_tm4c123.o(.text)
    TIMER1A_Handler                          0x0000049d   Thumb Code     2  startup_tm4c123.o(.text)
    TIMER1B_Handler                          0x0000049f   Thumb Code     2  startup_tm4c123.o(.text)
    TIMER2B_Handler                          0x000004a3   Thumb Code     2  startup_tm4c123.o(.text)
    COMP0_Handler                            0x000004a5   Thumb Code     2  startup_tm4c123.o(.text)
    COMP1_Handler                            0x000004a7   Thumb Code     2  startup_tm4c123.o(.text)
    COMP2_Handler                            0x000004a9   Thumb Code     2  startup_tm4c123.o(.text)
    SYSCTL_Handler                           0x000004ab   Thumb Code     2  startup_tm4c123.o(.text)
    FLASH_Handler                            0x000004ad   Thumb Code     2  startup_tm4c123.o(.text)
    GPIOF_Handler                            0x000004af   Thumb Code     2  startup_tm4c123.o(.text)
    GPIOG_Handler                            0x000004b1   Thumb Code     2  startup_tm4c123.o(.text)
    GPIOH_Handler                            0x000004b3   Thumb Code     2  startup_tm4c123.o(.text)
    UART2_Handler                            0x000004b5   Thumb Code     2  startup_tm4c123.o(.text)
    SSI1_Handler                             0x000004b7   Thumb Code     2  startup_tm4c123.o(.text)
    TIMER3A_Handler                          0x000004b9   Thumb Code     2  startup_tm4c123.o(.text)
    TIMER3B_Handler                          0x000004bb   Thumb Code     2  startup_tm4c123.o(.text)
    I2C1_Handler                             0x000004bd   Thumb Code     2  startup_tm4c123.o(.text)
    QEI1_Handler                             0x000004bf   Thumb Code     2  startup_tm4c123.o(.text)
    CAN0_Handler                             0x000004c1   Thumb Code     2  startup_tm4c123.o(.text)
    CAN1_Handler                             0x000004c3   Thumb Code     2  startup_tm4c123.o(.text)
    CAN2_Handler                             0x000004c5   Thumb Code     2  startup_tm4c123.o(.text)
    HIB_Handler                              0x000004c7   Thumb Code     2  startup_tm4c123.o(.text)
    USB0_Handler                             0x000004c9   Thumb Code     2  startup_tm4c123.o(.text)
    PWM0_3_Handler                           0x000004cb   Thumb Code     2  startup_tm4c123.o(.text)
    UDMA_Handler                             0x000004cd   Thumb Code     2  startup_tm4c123.o(.text)
    UDMAERR_Handler                          0x000004cf   Thumb Code     2  startup_tm4c123.o(.text)
    ADC1SS0_Handler                          0x000004d1   Thumb Code     2  startup_tm4c123.o(.text)
    ADC1SS1_Handler                          0x000004d3   Thumb Code     2  startup_tm4c123.o(.text)
    ADC1SS2_Handler                          0x000004d5   Thumb Code     2  startup_tm4c123.o(.text)
    ADC1SS3_Handler                          0x000004d7   Thumb Code     2  startup_tm4c123.o(.text)
    GPIOJ_Handler                            0x000004d9   Thumb Code     2  startup_tm4c123.o(.text)
    GPIOK_Handler                            0x000004db   Thumb Code     2  startup_tm4c123.o(.text)
    GPIOL_Handler                            0x000004dd   Thumb Code     2  startup_tm4c123.o(.text)
    SSI2_Handler                             0x000004df   Thumb Code     2  startup_tm4c123.o(.text)
    SSI3_Handler                             0x000004e1   Thumb Code     2  startup_tm4c123.o(.text)
    UART3_Handler                            0x000004e3   Thumb Code     2  startup_tm4c123.o(.text)
    UART4_Handler                            0x000004e5   Thumb Code     2  startup_tm4c123.o(.text)
    UART5_Handler                            0x000004e7   Thumb Code     2  startup_tm4c123.o(.text)
    UART6_Handler                            0x000004e9   Thumb Code     2  startup_tm4c123.o(.text)
    UART7_Handler                            0x000004eb   Thumb Code     2  startup_tm4c123.o(.text)
    I2C2_Handler                             0x000004ed   Thumb Code     2  startup_tm4c123.o(.text)
    I2C3_Handler                             0x000004ef   Thumb Code     2  startup_tm4c123.o(.text)
    TIMER4A_Handler                          0x000004f1   Thumb Code     2  startup_tm4c123.o(.text)
    TIMER4B_Handler                          0x000004f3   Thumb Code     2  startup_tm4c123.o(.text)
    TIMER5A_Handler                          0x000004f5   Thumb Code     2  startup_tm4c123.o(.text)
    TIMER5B_Handler                          0x000004f7   Thumb Code     2  startup_tm4c123.o(.text)
    WTIMER0A_Handler                         0x000004f9   Thumb Code     2  startup_tm4c123.o(.text)
    WTIMER0B_Handler                         0x000004fb   Thumb Code     2  startup_tm4c123.o(.text)
    WTIMER1A_Handler                         0x000004fd   Thumb Code     2  startup_tm4c123.o(.text)
    WTIMER1B_Handler                         0x000004ff   Thumb Code     2  startup_tm4c123.o(.text)
    WTIMER2A_Handler                         0x00000501   Thumb Code     2  startup_tm4c123.o(.text)
    WTIMER2B_Handler                         0x00000503   Thumb Code     2  startup_tm4c123.o(.text)
    WTIMER3A_Handler                         0x00000505   Thumb Code     2  startup_tm4c123.o(.text)
    WTIMER3B_Handler                         0x00000507   Thumb Code     2  startup_tm4c123.o(.text)
    WTIMER4A_Handler                         0x00000509   Thumb Code     2  startup_tm4c123.o(.text)
    WTIMER4B_Handler                         0x0000050b   Thumb Code     2  startup_tm4c123.o(.text)
    WTIMER5A_Handler                         0x0000050d   Thumb Code     2  startup_tm4c123.o(.text)
    WTIMER5B_Handler                         0x0000050f   Thumb Code     2  startup_tm4c123.o(.text)
    FPU_Handler                              0x00000511   Thumb Code     2  startup_tm4c123.o(.text)
    I2C4_Handler                             0x00000513   Thumb Code     2  startup_tm4c123.o(.text)
    I2C5_Handler                             0x00000515   Thumb Code     2  startup_tm4c123.o(.text)
    GPIOM_Handler                            0x00000517   Thumb Code     2  startup_tm4c123.o(.text)
    GPION_Handler                            0x00000519   Thumb Code     2  startup_tm4c123.o(.text)
    QEI2_Handler                             0x0000051b   Thumb Code     2  startup_tm4c123.o(.text)
    GPIOP0_Handler                           0x0000051d   Thumb Code     2  startup_tm4c123.o(.text)
    GPIOP1_Handler                           0x0000051f   Thumb Code     2  startup_tm4c123.o(.text)
    GPIOP2_Handler                           0x00000521   Thumb Code     2  startup_tm4c123.o(.text)
    GPIOP3_Handler                           0x00000523   Thumb Code     2  startup_tm4c123.o(.text)
    GPIOP4_Handler                           0x00000525   Thumb Code     2  startup_tm4c123.o(.text)
    GPIOP5_Handler                           0x00000527   Thumb Code     2  startup_tm4c123.o(.text)
    GPIOP6_Handler                           0x00000529   Thumb Code     2  startup_tm4c123.o(.text)
    GPIOP7_Handler                           0x0000052b   Thumb Code     2  startup_tm4c123.o(.text)
    GPIOQ0_Handler                           0x0000052d   Thumb Code     2  startup_tm4c123.o(.text)
    GPIOQ1_Handler                           0x0000052f   Thumb Code     2  startup_tm4c123.o(.text)
    GPIOQ2_Handler                           0x00000531   Thumb Code     2  startup_tm4c123.o(.text)
    GPIOQ3_Handler                           0x00000533   Thumb Code     2  startup_tm4c123.o(.text)
    GPIOQ4_Handler                           0x00000535   Thumb Code     2  startup_tm4c123.o(.text)
    GPIOQ5_Handler                           0x00000537   Thumb Code     2  startup_tm4c123.o(.text)
    GPIOQ6_Handler                           0x00000539   Thumb Code     2  startup_tm4c123.o(.text)
    GPIOQ7_Handler                           0x0000053b   Thumb Code     2  startup_tm4c123.o(.text)
    GPIOR_Handler                            0x0000053d   Thumb Code     2  startup_tm4c123.o(.text)
    GPIOS_Handler                            0x0000053f   Thumb Code     2  startup_tm4c123.o(.text)
    PMW1_0_Handler                           0x00000541   Thumb Code     2  startup_tm4c123.o(.text)
    PWM1_1_Handler                           0x00000543   Thumb Code     2  startup_tm4c123.o(.text)
    PWM1_2_Handler                           0x00000545   Thumb Code     2  startup_tm4c123.o(.text)
    PWM1_3_Handler                           0x00000547   Thumb Code     2  startup_tm4c123.o(.text)
    PWM1_FAULT_Handler                       0x00000549   Thumb Code     2  startup_tm4c123.o(.text)
    __user_initial_stackheap                 0x0000054d   Thumb Code     0  startup_tm4c123.o(.text)
    srand                                    0x0000056d   Thumb Code    42  rand.o(.text)
    _rand_init                               0x00000597   Thumb Code     4  rand.o(.text)
    __use_two_region_memory                  0x000005a9   Thumb Code     2  heapauxi.o(.text)
    __rt_heap_escrow$2region                 0x000005ab   Thumb Code     2  heapauxi.o(.text)
    __rt_heap_expand$2region                 0x000005ad   Thumb Code     2  heapauxi.o(.text)
    __user_setup_stackheap                   0x000005af   Thumb Code    74  sys_stackheap_outer.o(.text)
    exit                                     0x000005f9   Thumb Code    18  exit.o(.text)
    __user_libspace                          0x0000060d   Thumb Code     8  libspace.o(.text)
    __user_perproc_libspace                  0x0000060d   Thumb Code     0  libspace.o(.text)
    __user_perthread_libspace                0x0000060d   Thumb Code     0  libspace.o(.text)
    __I$use$semihosting                      0x00000615   Thumb Code     0  use_no_semi.o(.text)
    __use_no_semihosting_swi                 0x00000615   Thumb Code     2  use_no_semi.o(.text)
    __semihosting_library_function           0x00000617   Thumb Code     0  indicate_semi.o(.text)
    _sys_exit                                0x00000619   Thumb Code     8  sys_exit.o(.text)
    SystemInit                               0x00000625   Thumb Code   112  system_tm4c123.o(i.SystemInit)
    TIMER2A_Handler                          0x000006bd   Thumb Code   148  delay.o(i.TIMER2A_Handler)
    delayMs                                  0x00000761   Thumb Code    26  delay.o(i.delayMs)
    delay_Microsecond                        0x0000077d   Thumb Code    76  delay.o(i.delay_Microsecond)
    echoAndTimer0_Init                       0x000007d1   Thumb Code   132  head.o(i.echoAndTimer0_Init)
    headSensor_detect                        0x00000865   Thumb Code   186  head.o(i.headSensor_detect)
    main                                     0x0000093d   Thumb Code    34  main.o(i.main)
    neck_init                                0x00000961   Thumb Code   138  neck.o(i.neck_init)
    play                                     0x00000a0d   Thumb Code   170  play_around.o(i.play)
    rand_lim                                 0x00000ac9   Thumb Code    32  delay.o(i.rand_lim)
    runToHide                                0x00000ae9   Thumb Code    32  limbs.o(i.runToHide)
    seeWhoAndRun                             0x00000b09   Thumb Code    44  limbs.o(i.seeWhoAndRun)
    timer2A_init                             0x00000b35   Thumb Code    76  delay.o(i.timer2A_init)
    turnAwayLeft                             0x00000b8d   Thumb Code    16  limbs.o(i.turnAwayLeft)
    turnAwayLeft180                          0x00000b9d   Thumb Code    16  limbs.o(i.turnAwayLeft180)
    turnAwayLeft360                          0x00000bad   Thumb Code    16  limbs.o(i.turnAwayLeft360)
    turnAwayRight                            0x00000bbd   Thumb Code    16  limbs.o(i.turnAwayRight)
    turnAwayRight180                         0x00000bcd   Thumb Code    16  limbs.o(i.turnAwayRight180)
    turnAwayRight360                         0x00000bdd   Thumb Code    16  limbs.o(i.turnAwayRight360)
    walkForward                              0x00000bed   Thumb Code    16  limbs.o(i.walkForward)
    __aeabi_d2uiz                            0x00000bfd   Thumb Code     0  dfixu.o(x$fpl$dfixu)
    _dfixu                                   0x00000bfd   Thumb Code    90  dfixu.o(x$fpl$dfixu)
    __aeabi_ui2d                             0x00000c57   Thumb Code     0  dflt_clz.o(x$fpl$dfltu)
    _dfltu                                   0x00000c57   Thumb Code    38  dflt_clz.o(x$fpl$dfltu)
    __aeabi_dmul                             0x00000c7d   Thumb Code     0  dmul.o(x$fpl$dmul)
    _dmul                                    0x00000c7d   Thumb Code   332  dmul.o(x$fpl$dmul)
    __fpl_dnaninf                            0x00000dd1   Thumb Code   156  dnaninf.o(x$fpl$dnaninf)
    __fpl_dretinf                            0x00000e6d   Thumb Code    12  dretinf.o(x$fpl$dretinf)
    _fp_init                                 0x00000e79   Thumb Code    10  fpinit.o(x$fpl$fpinit)
    __fplib_config_fpu_vfp                   0x00000e81   Thumb Code     0  fpinit.o(x$fpl$fpinit)
    __fplib_config_pureend_doubles           0x00000e81   Thumb Code     0  fpinit.o(x$fpl$fpinit)
    __I$use$fp                               0x00000e82   Number         0  usenofp.o(x$fpl$usenofp)
    Region$$Table$$Base                      0x00000e84   Number         0  anon$$obj.o(Region$$Table)
    Region$$Table$$Limit                     0x00000ea4   Number         0  anon$$obj.o(Region$$Table)
    _random_number_data                      0x2000002c   Data         228  rand.o(.bss)
    __libspace_start                         0x20000110   Data          96  libspace.o(.bss)
    __temporary_stack_top$libspace           0x20000170   Data           0  libspace.o(.bss)



==============================================================================

Memory Map of the image

  Image Entry point : 0x00000459

  Load Region LR_1 (Base: 0x00000000, Size: 0x00000ed0, Max: 0xffffffff, ABSOLUTE)

    Execution Region ER_RO (Exec base: 0x00000000, Load base: 0x00000000, Size: 0x00000ea4, Max: 0xffffffff, ABSOLUTE)

    Exec Addr    Load Addr    Size         Type   Attr      Idx    E Section Name        Object

    0x00000000   0x00000000   0x0000026c   Data   RO          343    RESET               startup_tm4c123.o
    0x0000026c   0x0000026c   0x00000008   Code   RO          408  * !!!main             c_w.l(__main.o)
    0x00000274   0x00000274   0x00000034   Code   RO          582    !!!scatter          c_w.l(__scatter.o)
    0x000002a8   0x000002a8   0x0000001a   Code   RO          584    !!handler_copy      c_w.l(__scatter_copy.o)
    0x000002c2   0x000002c2   0x00000002   PAD
    0x000002c4   0x000002c4   0x0000001c   Code   RO          586    !!handler_zi        c_w.l(__scatter_zi.o)
    0x000002e0   0x000002e0   0x00000002   Code   RO          505    .ARM.Collect$$libinit$$00000000  c_w.l(libinit.o)
    0x000002e2   0x000002e2   0x00000004   Code   RO          423    .ARM.Collect$$libinit$$00000001  c_w.l(libinit2.o)
    0x000002e6   0x000002e6   0x00000000   Code   RO          426    .ARM.Collect$$libinit$$00000004  c_w.l(libinit2.o)
    0x000002e6   0x000002e6   0x00000000   Code   RO          429    .ARM.Collect$$libinit$$0000000A  c_w.l(libinit2.o)
    0x000002e6   0x000002e6   0x00000000   Code   RO          431    .ARM.Collect$$libinit$$0000000C  c_w.l(libinit2.o)
    0x000002e6   0x000002e6   0x00000004   Code   RO          432    .ARM.Collect$$libinit$$0000000D  c_w.l(libinit2.o)
    0x000002ea   0x000002ea   0x00000000   Code   RO          433    .ARM.Collect$$libinit$$0000000E  c_w.l(libinit2.o)
    0x000002ea   0x000002ea   0x00000000   Code   RO          436    .ARM.Collect$$libinit$$00000011  c_w.l(libinit2.o)
    0x000002ea   0x000002ea   0x00000000   Code   RO          438    .ARM.Collect$$libinit$$00000013  c_w.l(libinit2.o)
    0x000002ea   0x000002ea   0x00000000   Code   RO          440    .ARM.Collect$$libinit$$00000015  c_w.l(libinit2.o)
    0x000002ea   0x000002ea   0x00000000   Code   RO          442    .ARM.Collect$$libinit$$00000017  c_w.l(libinit2.o)
    0x000002ea   0x000002ea   0x00000000   Code   RO          444    .ARM.Collect$$libinit$$00000019  c_w.l(libinit2.o)
    0x000002ea   0x000002ea   0x00000000   Code   RO          446    .ARM.Collect$$libinit$$0000001B  c_w.l(libinit2.o)
    0x000002ea   0x000002ea   0x00000000   Code   RO          448    .ARM.Collect$$libinit$$0000001D  c_w.l(libinit2.o)
    0x000002ea   0x000002ea   0x00000000   Code   RO          450    .ARM.Collect$$libinit$$0000001F  c_w.l(libinit2.o)
    0x000002ea   0x000002ea   0x00000000   Code   RO          452    .ARM.Collect$$libinit$$00000021  c_w.l(libinit2.o)
    0x000002ea   0x000002ea   0x00000000   Code   RO          454    .ARM.Collect$$libinit$$00000023  c_w.l(libinit2.o)
    0x000002ea   0x000002ea   0x00000000   Code   RO          456    .ARM.Collect$$libinit$$00000025  c_w.l(libinit2.o)
    0x000002ea   0x000002ea   0x00000000   Code   RO          460    .ARM.Collect$$libinit$$0000002C  c_w.l(libinit2.o)
    0x000002ea   0x000002ea   0x00000000   Code   RO          462    .ARM.Collect$$libinit$$0000002E  c_w.l(libinit2.o)
    0x000002ea   0x000002ea   0x00000000   Code   RO          464    .ARM.Collect$$libinit$$00000030  c_w.l(libinit2.o)
    0x000002ea   0x000002ea   0x00000000   Code   RO          466    .ARM.Collect$$libinit$$00000032  c_w.l(libinit2.o)
    0x000002ea   0x000002ea   0x00000002   Code   RO          467    .ARM.Collect$$libinit$$00000033  c_w.l(libinit2.o)
    0x000002ec   0x000002ec   0x00000002   Code   RO          543    .ARM.Collect$$libshutdown$$00000000  c_w.l(libshutdown.o)
    0x000002ee   0x000002ee   0x00000000   Code   RO          549    .ARM.Collect$$libshutdown$$00000002  c_w.l(libshutdown2.o)
    0x000002ee   0x000002ee   0x00000000   Code   RO          551    .ARM.Collect$$libshutdown$$00000004  c_w.l(libshutdown2.o)
    0x000002ee   0x000002ee   0x00000000   Code   RO          554    .ARM.Collect$$libshutdown$$00000007  c_w.l(libshutdown2.o)
    0x000002ee   0x000002ee   0x00000000   Code   RO          557    .ARM.Collect$$libshutdown$$0000000A  c_w.l(libshutdown2.o)
    0x000002ee   0x000002ee   0x00000000   Code   RO          559    .ARM.Collect$$libshutdown$$0000000C  c_w.l(libshutdown2.o)
    0x000002ee   0x000002ee   0x00000000   Code   RO          562    .ARM.Collect$$libshutdown$$0000000F  c_w.l(libshutdown2.o)
    0x000002ee   0x000002ee   0x00000002   Code   RO          563    .ARM.Collect$$libshutdown$$00000010  c_w.l(libshutdown2.o)
    0x000002f0   0x000002f0   0x00000000   Code   RO          422    .ARM.Collect$$rtentry$$00000000  c_w.l(__rtentry.o)
    0x000002f0   0x000002f0   0x00000000   Code   RO          474    .ARM.Collect$$rtentry$$00000002  c_w.l(__rtentry2.o)
    0x000002f0   0x000002f0   0x00000006   Code   RO          486    .ARM.Collect$$rtentry$$00000004  c_w.l(__rtentry4.o)
    0x000002f6   0x000002f6   0x00000000   Code   RO          476    .ARM.Collect$$rtentry$$00000009  c_w.l(__rtentry2.o)
    0x000002f6   0x000002f6   0x00000004   Code   RO          477    .ARM.Collect$$rtentry$$0000000A  c_w.l(__rtentry2.o)
    0x000002fa   0x000002fa   0x00000000   Code   RO          479    .ARM.Collect$$rtentry$$0000000C  c_w.l(__rtentry2.o)
    0x000002fa   0x000002fa   0x00000008   Code   RO          480    .ARM.Collect$$rtentry$$0000000D  c_w.l(__rtentry2.o)
    0x00000302   0x00000302   0x00000002   Code   RO          511    .ARM.Collect$$rtexit$$00000000  c_w.l(rtexit.o)
    0x00000304   0x00000304   0x00000000   Code   RO          523    .ARM.Collect$$rtexit$$00000002  c_w.l(rtexit2.o)
    0x00000304   0x00000304   0x00000004   Code   RO          524    .ARM.Collect$$rtexit$$00000003  c_w.l(rtexit2.o)
    0x00000308   0x00000308   0x00000006   Code   RO          525    .ARM.Collect$$rtexit$$00000004  c_w.l(rtexit2.o)
    0x0000030e   0x0000030e   0x00000002   PAD
    0x00000310   0x00000310   0x00000034   Code   RO          401    .emb_text           c_w.l(rand.o)
    0x00000344   0x00000344   0x0000002c   Code   RO          115    .text               head_1.o
    0x00000370   0x00000370   0x00000068   Code   RO          235    .text               limbs_1.o
    0x000003d8   0x000003d8   0x0000003c   Code   RO          238    .text               tail.o
    0x00000414   0x00000414   0x00000044   Code   RO          241    .text               lights.o
    0x00000458   0x00000458   0x00000114   Code   RO          344  * .text               startup_tm4c123.o
    0x0000056c   0x0000056c   0x0000003c   Code   RO          402    .text               c_w.l(rand.o)
    0x000005a8   0x000005a8   0x00000006   Code   RO          406    .text               c_w.l(heapauxi.o)
    0x000005ae   0x000005ae   0x0000004a   Code   RO          492    .text               c_w.l(sys_stackheap_outer.o)
    0x000005f8   0x000005f8   0x00000012   Code   RO          494    .text               c_w.l(exit.o)
    0x0000060a   0x0000060a   0x00000002   PAD
    0x0000060c   0x0000060c   0x00000008   Code   RO          508    .text               c_w.l(libspace.o)
    0x00000614   0x00000614   0x00000002   Code   RO          519    .text               c_w.l(use_no_semi.o)
    0x00000616   0x00000616   0x00000000   Code   RO          521    .text               c_w.l(indicate_semi.o)
    0x00000616   0x00000616   0x00000002   PAD
    0x00000618   0x00000618   0x0000000c   Code   RO          535    .text               c_w.l(sys_exit.o)
    0x00000624   0x00000624   0x00000098   Code   RO          352    i.SystemInit        system_tm4c123.o
    0x000006bc   0x000006bc   0x000000a4   Code   RO          247    i.TIMER2A_Handler   delay.o
    0x00000760   0x00000760   0x0000001a   Code   RO          248    i.delayMs           delay.o
    0x0000077a   0x0000077a   0x00000002   PAD
    0x0000077c   0x0000077c   0x00000054   Code   RO          249    i.delay_Microsecond  delay.o
    0x000007d0   0x000007d0   0x00000094   Code   RO           80    i.echoAndTimer0_Init  head.o
    0x00000864   0x00000864   0x000000d8   Code   RO           81    i.headSensor_detect  head.o
    0x0000093c   0x0000093c   0x00000022   Code   RO            4    i.main              main.o
    0x0000095e   0x0000095e   0x00000002   PAD
    0x00000960   0x00000960   0x000000ac   Code   RO          123    i.neck_init         neck.o
    0x00000a0c   0x00000a0c   0x000000bc   Code   RO          306    i.play              play_around.o
    0x00000ac8   0x00000ac8   0x00000020   Code   RO          250    i.rand_lim          delay.o
    0x00000ae8   0x00000ae8   0x00000020   Code   RO          162    i.runToHide         limbs.o
    0x00000b08   0x00000b08   0x0000002c   Code   RO          163    i.seeWhoAndRun      limbs.o
    0x00000b34   0x00000b34   0x00000058   Code   RO          251    i.timer2A_init      delay.o
    0x00000b8c   0x00000b8c   0x00000010   Code   RO          164    i.turnAwayLeft      limbs.o
    0x00000b9c   0x00000b9c   0x00000010   Code   RO          165    i.turnAwayLeft180   limbs.o
    0x00000bac   0x00000bac   0x00000010   Code   RO          166    i.turnAwayLeft360   limbs.o
    0x00000bbc   0x00000bbc   0x00000010   Code   RO          167    i.turnAwayRight     limbs.o
    0x00000bcc   0x00000bcc   0x00000010   Code   RO          168    i.turnAwayRight180  limbs.o
    0x00000bdc   0x00000bdc   0x00000010   Code   RO          169    i.turnAwayRight360  limbs.o
    0x00000bec   0x00000bec   0x00000010   Code   RO          170    i.walkForward       limbs.o
    0x00000bfc   0x00000bfc   0x0000005a   Code   RO          410    x$fpl$dfixu         fz_wm.l(dfixu.o)
    0x00000c56   0x00000c56   0x00000026   Code   RO          414    x$fpl$dfltu         fz_wm.l(dflt_clz.o)
    0x00000c7c   0x00000c7c   0x00000154   Code   RO          420    x$fpl$dmul          fz_wm.l(dmul.o)
    0x00000dd0   0x00000dd0   0x0000009c   Code   RO          468    x$fpl$dnaninf       fz_wm.l(dnaninf.o)
    0x00000e6c   0x00000e6c   0x0000000c   Code   RO          470    x$fpl$dretinf       fz_wm.l(dretinf.o)
    0x00000e78   0x00000e78   0x0000000a   Code   RO          490    x$fpl$fpinit        fz_wm.l(fpinit.o)
    0x00000e82   0x00000e82   0x00000000   Code   RO          472    x$fpl$usenofp       fz_wm.l(usenofp.o)
    0x00000e82   0x00000e82   0x00000002   PAD
    0x00000e84   0x00000e84   0x00000020   Data   RO          580    Region$$Table       anon$$obj.o


    Execution Region ER_RW (Exec base: 0x20000000, Load base: 0x00000ea4, Size: 0x0000002c, Max: 0xffffffff, ABSOLUTE)

    Exec Addr    Load Addr    Size         Type   Attr      Idx    E Section Name        Object

    0x20000000   0x00000ea4   0x0000000c   Data   RW           82    .data               head.o
    0x2000000c   0x00000eb0   0x0000000e   Data   RW          252    .data               delay.o
    0x2000001a   0x00000ebe   0x00000002   PAD
    0x2000001c   0x00000ec0   0x00000010   Data   RW          308    .data               play_around.o


    Execution Region ER_ZI (Exec base: 0x2000002c, Load base: 0x00000ed0, Size: 0x00000344, Max: 0xffffffff, ABSOLUTE)

    Exec Addr    Load Addr    Size         Type   Attr      Idx    E Section Name        Object

    0x2000002c        -       0x000000e4   Zero   RW          403    .bss                c_w.l(rand.o)
    0x20000110        -       0x00000060   Zero   RW          509    .bss                c_w.l(libspace.o)
    0x20000170        -       0x00000000   Zero   RW          342    HEAP                startup_tm4c123.o
    0x20000170        -       0x00000200   Zero   RW          341    STACK               startup_tm4c123.o


==============================================================================

Image component sizes


      Code (inc. data)   RO Data    RW Data    ZI Data      Debug   Object Name

       394         36          0         14          0       3710   delay.o
       364         46          0         12          0       1681   head.o
        44         12          0          0          0        360   head_1.o
        68         26          0          0          0        368   lights.o
       188          0          0          0          0       5426   limbs.o
       104         22          0          0          0        380   limbs_1.o
        34          0          0          0          0       5115   main.o
       172         34          0          0          0        636   neck.o
       188         28          0         16          0       1091   play_around.o
       276         24        620          0        512       5552   startup_tm4c123.o
       152         40          0          0          0        697   system_tm4c123.o
        60         18          0          0          0        364   tail.o

    ----------------------------------------------------------------------
      2048        286        652         44        512      25380   Object Totals
         0          0         32          0          0          0   (incl. Generated)
         4          0          0          2          0          0   (incl. Padding)

    ----------------------------------------------------------------------

      Code (inc. data)   RO Data    RW Data    ZI Data      Debug   Library Member Name

         8          0          0          0          0         68   __main.o
         0          0          0          0          0          0   __rtentry.o
        12          0          0          0          0          0   __rtentry2.o
         6          0          0          0          0          0   __rtentry4.o
        52          8          0          0          0          0   __scatter.o
        26          0          0          0          0          0   __scatter_copy.o
        28          0          0          0          0          0   __scatter_zi.o
        18          0          0          0          0         80   exit.o
         6          0          0          0          0        152   heapauxi.o
         0          0          0          0          0          0   indicate_semi.o
         2          0          0          0          0          0   libinit.o
        10          0          0          0          0          0   libinit2.o
         2          0          0          0          0          0   libshutdown.o
         2          0          0          0          0          0   libshutdown2.o
         8          4          0          0         96         68   libspace.o
       112         18          0          0        228        160   rand.o
         2          0          0          0          0          0   rtexit.o
        10          0          0          0          0          0   rtexit2.o
        12          4          0          0          0         68   sys_exit.o
        74          0          0          0          0         80   sys_stackheap_outer.o
         2          0          0          0          0         68   use_no_semi.o
        90          4          0          0          0        140   dfixu.o
        38          0          0          0          0        116   dflt_clz.o
       340         12          0          0          0        152   dmul.o
       156          4          0          0          0        140   dnaninf.o
        12          0          0          0          0        116   dretinf.o
        10          0          0          0          0        116   fpinit.o
         0          0          0          0          0          0   usenofp.o

    ----------------------------------------------------------------------
      1048         54          0          0        324       1524   Library Totals
        10          0          0          0          0          0   (incl. Padding)

    ----------------------------------------------------------------------

      Code (inc. data)   RO Data    RW Data    ZI Data      Debug   Library Name

       392         34          0          0        324        744   c_w.l
       646         20          0          0          0        780   fz_wm.l

    ----------------------------------------------------------------------
      1048         54          0          0        324       1524   Library Totals

    ----------------------------------------------------------------------

==============================================================================


      Code (inc. data)   RO Data    RW Data    ZI Data      Debug   

      3096        340        652         44        836      24544   Grand Totals
      3096        340        652         44        836      24544   ELF Image Totals
      3096        340        652         44          0          0   ROM Totals

==============================================================================

    Total RO  Size (Code + RO Data)                 3748 (   3.66kB)
    Total RW  Size (RW Data + ZI Data)               880 (   0.86kB)
    Total ROM Size (Code + RO Data + RW Data)       3792 (   3.70kB)

==============================================================================

